v2.0 raw
0A10000
0A20000
14300F1
1843200
0E00002
0000000
1701300
0923000
0811001
0D00002
0000000
