0000000000000000000000000
0000100010010111000000000
0001011010100010100000000
0001101100111100000000000
0010010011010101100000000
0010111000011000010101110
0011011011011000010100010
0011100110100000011110101
0100001100111000011111000
0100111001101000000000000
0101011000000000010101011
0101111000000000011001101
0110000001010000010000011
0110100000000000010101011
0111000000000000010101100
0111100000000000010101101
1000000000000000010101110
1000100000000000010101111
1001000001100000000000000
1001111010000000000000000
1010010110000000011110001
1010100001110000011110010
1011010100010000000000000
1011100001010001000000000
1100011001101111000000000
1100111001101000100000000
1101000100011111000000000
1101100000000000010101101
1110000000000000010101110
