0101000010000000000000000
0101000100000000000000000
1010000110000000011110001
1100001000011001000000000
0111000000000000000000010
0000000000000000000000000
1011100000001001100000000
0100100100011000000000000
0100000010001000000000001
0110100000000000000000010
0000000000000000000000000
