v2.0 raw
0000000
0112E00
02D4500
0367800
049AB00
05C30AE
06DB0A2
07340F5
08670F8
09CD000
0AC00AB
0BC00CD
0C0A083
0D000AB
0E000AC
0F000AD
10000AE
11000AF
120C000
13D0000
14B00F1
150E0F2
16A2000
170A200
18CDE00
19CD100
1A23E00
1B000AD
1C000AE
