v2.0 raw
0000000
0000000
0A20000
0A30019
0A40032
0A5004B
14100F1
18A1200
0F00010
0A60040
15060F8
0A6008F
15060F9
0A60090
15060FA
0A60060
15060FB
0D0001E
0A60003
15060F8
18A1300
110001E
0A6000F
15060F9
18A1400
110001E
0A6003F
15060FA
18A1500
110001E
0000000
0000000
0A600FF
15060FB
15020FB
15020FA
15020F9
15020F8
0D00004
